// Jest Snapshot v1, https://goo.gl/fbAQLP

exports[`#AddVehicleButtonComponent 1`] = `
<button
  className="add-vehicle-button"
  onClick={[Function]}
>
  Test Add Vehicle
</button>
`;
